[admin-one-vue-cli.justboil.me/index.html]
[backblue.gif]
[fade.gif]
[index.html]
[admin-one-vue-cli.justboil.me/favicon.ico]
[admin-one-vue-cli.justboil.me/js/forms.e8a05d62.js]
[admin-one-vue-cli.justboil.me/js/full-page.9551ed70.js]
[admin-one-vue-cli.justboil.me/js/playground.85286977.js]
[admin-one-vue-cli.justboil.me/js/profile.e27ab71c.js]
[admin-one-vue-cli.justboil.me/js/styling.ccb0eb25.js]
[admin-one-vue-cli.justboil.me/js/tables.eab89683.js]
[admin-one-vue-cli.justboil.me/css/chunk-vendors.f03cb40d.css]
[admin-one-vue-cli.justboil.me/css/index.af1630c8.css]
[admin-one-vue-cli.justboil.me/js/chunk-common.f7962b9f.js]
[admin-one-vue-cli.justboil.me/index.html]
[admin-one-vue-cli.justboil.me/js/index.ab742a99.js]
[admin-one-vue-cli.justboil.me/js/chunk-vendors.8b187953.js]
[fonts.googleapis.com/css2f99.css]
[admin-one-vue-cli.justboil.me/js/forms.e8a05d62.js]
[admin-one-vue-cli.justboil.me/js/full-page.9551ed70.js]
[admin-one-vue-cli.justboil.me/js/playground.85286977.js]
[admin-one-vue-cli.justboil.me/js/profile.e27ab71c.js]
[admin-one-vue-cli.justboil.me/js/chunk-common.f7962b9f.js]
[admin-one-vue-cli.justboil.me/js/index.ab742a99.js]
[admin-one-vue-cli.justboil.me/fonts/materialdesignicons-webfont.84c6fe1e.woff2]
[admin-one-vue-cli.justboil.me/fonts/materialdesignicons-webfont.be7691c1d41d.eot]
[admin-one-vue-cli.justboil.me/fonts/materialdesignicons-webfont.1a95531b.woff]
[admin-one-vue-cli.justboil.me/fonts/materialdesignicons-webfont.be7691c1.eot]
[admin-one-vue-cli.justboil.me/fonts/materialdesignicons-webfont.6acc7d6c.ttf]
[admin-one-vue-cli.justboil.me/js/chunk-vendors.8b187953.js]
[admin-one-vue-cli.justboil.me/fonts/materialdesignicons-webfont.84c6fe1e.woff2]
[admin-one-vue-cli.justboil.me/css/chunk-vendors.f03cb40d.css]
[admin-one-vue-cli.justboil.me/img/trianglify-bw-50@2x.37c358f2.png]
[admin-one-vue-cli.justboil.me/fonts/materialdesignicons-webfont.be7691c1d41d.eot]
[admin-one-vue-cli.justboil.me/fonts/materialdesignicons-webfont.1a95531b.woff]
[admin-one-vue-cli.justboil.me/img/justboil-logo-black.ba2b5737.png]
[admin-one-vue-cli.justboil.me/css/index.af1630c8.css]
[admin-one-vue-cli.justboil.me/img/trianglify-bw-50@2x.37c358f2.png]
[admin-one-vue-cli.justboil.me/img/materialdesignicons-webfont.c68a0a65.svg]
[admin-one-vue-cli.justboil.me/img/materialdesignicons-webfont.c68a0a65.svg]
